
Allocating common symbols
Common symbol       size              file

interrupt_stacks    0x10              kernel/interrupt.o
thread_table        0x800             kernel/thread.o
open_sockets        0x700             net/socket.o
open_sockets_sem    0x4               net/socket.o
scheduler_current_thread
                    0x10              kernel/scheduler.o
thread_stack_areas  0x20000           kernel/thread.o
thread_table_slock  0x4               kernel/thread.o
network_interfaces  0x30              net/network.o

Discarded input sections

 .reginfo       0x0000000000000000       0x18 kernel/cswitch.o
 .MIPS.abiflags
                0x0000000000000000       0x18 kernel/cswitch.o
 .reginfo       0x0000000000000000       0x18 kernel/_interrupt.o
 .MIPS.abiflags
                0x0000000000000000       0x18 kernel/_interrupt.o
 .reginfo       0x0000000000000000       0x18 kernel/_spinlock.o
 .MIPS.abiflags
                0x0000000000000000       0x18 kernel/_spinlock.o
 .reginfo       0x0000000000000000       0x18 kernel/idle.o
 .MIPS.abiflags
                0x0000000000000000       0x18 kernel/idle.o
 .reginfo       0x0000000000000000       0x18 lib/rand.o
 .MIPS.abiflags
                0x0000000000000000       0x18 lib/rand.o
 .reginfo       0x0000000000000000       0x18 drivers/_timer.o
 .MIPS.abiflags
                0x0000000000000000       0x18 drivers/_timer.o
 .reginfo       0x0000000000000000       0x18 vm/_tlb.o
 .MIPS.abiflags
                0x0000000000000000       0x18 vm/_tlb.o
 .reginfo       0x0000000000000000       0x18 init/main.o
 .MIPS.abiflags
                0x0000000000000000       0x18 init/main.o
 .reginfo       0x0000000000000000       0x18 kernel/panic.o
 .MIPS.abiflags
                0x0000000000000000       0x18 kernel/panic.o
 .reginfo       0x0000000000000000       0x18 kernel/kmalloc.o
 .MIPS.abiflags
                0x0000000000000000       0x18 kernel/kmalloc.o
 .reginfo       0x0000000000000000       0x18 kernel/interrupt.o
 .MIPS.abiflags
                0x0000000000000000       0x18 kernel/interrupt.o
 .reginfo       0x0000000000000000       0x18 kernel/thread.o
 .MIPS.abiflags
                0x0000000000000000       0x18 kernel/thread.o
 .reginfo       0x0000000000000000       0x18 kernel/scheduler.o
 .MIPS.abiflags
                0x0000000000000000       0x18 kernel/scheduler.o
 .reginfo       0x0000000000000000       0x18 kernel/sleepq.o
 .MIPS.abiflags
                0x0000000000000000       0x18 kernel/sleepq.o
 .reginfo       0x0000000000000000       0x18 kernel/semaphore.o
 .MIPS.abiflags
                0x0000000000000000       0x18 kernel/semaphore.o
 .reginfo       0x0000000000000000       0x18 kernel/exception.o
 .MIPS.abiflags
                0x0000000000000000       0x18 kernel/exception.o
 .reginfo       0x0000000000000000       0x18 kernel/halt.o
 .MIPS.abiflags
                0x0000000000000000       0x18 kernel/halt.o
 .reginfo       0x0000000000000000       0x18 lib/libc.o
 .MIPS.abiflags
                0x0000000000000000       0x18 lib/libc.o
 .reginfo       0x0000000000000000       0x18 lib/xprintf.o
 .MIPS.abiflags
                0x0000000000000000       0x18 lib/xprintf.o
 .reginfo       0x0000000000000000       0x18 lib/bitmap.o
 .MIPS.abiflags
                0x0000000000000000       0x18 lib/bitmap.o
 .reginfo       0x0000000000000000       0x18 lib/debug.o
 .MIPS.abiflags
                0x0000000000000000       0x18 lib/debug.o
 .reginfo       0x0000000000000000       0x18 drivers/polltty.o
 .MIPS.abiflags
                0x0000000000000000       0x18 drivers/polltty.o
 .reginfo       0x0000000000000000       0x18 drivers/timer.o
 .MIPS.abiflags
                0x0000000000000000       0x18 drivers/timer.o
 .reginfo       0x0000000000000000       0x18 drivers/bootargs.o
 .MIPS.abiflags
                0x0000000000000000       0x18 drivers/bootargs.o
 .reginfo       0x0000000000000000       0x18 drivers/device.o
 .MIPS.abiflags
                0x0000000000000000       0x18 drivers/device.o
 .reginfo       0x0000000000000000       0x18 drivers/drivers.o
 .MIPS.abiflags
                0x0000000000000000       0x18 drivers/drivers.o
 .reginfo       0x0000000000000000       0x18 drivers/tty.o
 .MIPS.abiflags
                0x0000000000000000       0x18 drivers/tty.o
 .reginfo       0x0000000000000000       0x18 drivers/disk.o
 .MIPS.abiflags
                0x0000000000000000       0x18 drivers/disk.o
 .reginfo       0x0000000000000000       0x18 drivers/disksched.o
 .MIPS.abiflags
                0x0000000000000000       0x18 drivers/disksched.o
 .reginfo       0x0000000000000000       0x18 drivers/metadev.o
 .MIPS.abiflags
                0x0000000000000000       0x18 drivers/metadev.o
 .reginfo       0x0000000000000000       0x18 proc/exception.o
 .MIPS.abiflags
                0x0000000000000000       0x18 proc/exception.o
 .reginfo       0x0000000000000000       0x18 proc/elf.o
 .MIPS.abiflags
                0x0000000000000000       0x18 proc/elf.o
 .reginfo       0x0000000000000000       0x18 proc/process.o
 .MIPS.abiflags
                0x0000000000000000       0x18 proc/process.o
 .reginfo       0x0000000000000000       0x18 proc/syscall.o
 .MIPS.abiflags
                0x0000000000000000       0x18 proc/syscall.o
 .reginfo       0x0000000000000000       0x18 vm/vm.o
 .MIPS.abiflags
                0x0000000000000000       0x18 vm/vm.o
 .reginfo       0x0000000000000000       0x18 vm/pagepool.o
 .MIPS.abiflags
                0x0000000000000000       0x18 vm/pagepool.o
 .reginfo       0x0000000000000000       0x18 vm/tlb.o
 .MIPS.abiflags
                0x0000000000000000       0x18 vm/tlb.o
 .reginfo       0x0000000000000000       0x18 fs/vfs.o
 .MIPS.abiflags
                0x0000000000000000       0x18 fs/vfs.o
 .reginfo       0x0000000000000000       0x18 fs/tfs.o
 .MIPS.abiflags
                0x0000000000000000       0x18 fs/tfs.o
 .reginfo       0x0000000000000000       0x18 fs/filesystems.o
 .MIPS.abiflags
                0x0000000000000000       0x18 fs/filesystems.o
 .reginfo       0x0000000000000000       0x18 net/network.o
 .MIPS.abiflags
                0x0000000000000000       0x18 net/network.o
 .reginfo       0x0000000000000000       0x18 net/protocols.o
 .MIPS.abiflags
                0x0000000000000000       0x18 net/protocols.o
 .reginfo       0x0000000000000000       0x18 net/socket.o
 .MIPS.abiflags
                0x0000000000000000       0x18 net/socket.o
 .reginfo       0x0000000000000000       0x18 net/pop.o
 .MIPS.abiflags
                0x0000000000000000       0x18 net/pop.o

Memory Configuration

Name             Origin             Length             Attributes
*default*        0x0000000000000000 0xffffffffffffffff

Linker script and memory map

                0x0000000080010000                . = 0x80010000

.text           0x0000000080010000     0x9590
 *(.text)
 .text          0x0000000080010000       0x60 init/_boot.o
                0x0000000080010000                _start
 .text          0x0000000080010060      0x350 kernel/cswitch.o
                0x0000000080010060                _cswitch_vector_code
                0x0000000080010080                _cswitch_switch
                0x0000000080010388                _cswitch_to_userland
 .text          0x00000000800103b0      0x120 kernel/_interrupt.o
                0x00000000800103b0                _interrupt_disable
                0x00000000800103cc                _interrupt_enable
                0x00000000800103e4                _interrupt_set_state
                0x0000000080010408                _interrupt_get_state
                0x0000000080010414                _interrupt_generate_sw0
                0x000000008001042c                _interrupt_clear_sw
                0x0000000080010444                _interrupt_clear_sw0
                0x000000008001045c                _interrupt_clear_sw1
                0x0000000080010474                _interrupt_clear_bootstrap
                0x0000000080010490                _interrupt_getcpu
                0x00000000800104a0                _interrupt_clear_EXL
                0x00000000800104b8                _interrupt_set_EXL
 .text          0x00000000800104d0       0x30 kernel/_spinlock.o
                0x00000000800104d0                spinlock_reset
                0x00000000800104d0                spinlock_release
                0x00000000800104dc                spinlock_acquire
 .text          0x0000000080010500        0xc kernel/idle.o
                0x0000000080010500                _idle_thread_wait_loop
 .text          0x000000008001050c       0x4c lib/rand.o
                0x000000008001050c                _set_rand_seed
                0x000000008001051c                _get_rand
 .text          0x0000000080010558       0x14 drivers/_timer.o
                0x0000000080010558                _timer_set_ticks
 .text          0x000000008001056c      0x15c vm/_tlb.o
                0x000000008001056c                _tlb_get_exception_state
                0x0000000080010590                _tlb_set_asid
                0x00000000800105b0                _tlb_get_maxindex
                0x00000000800105c4                _tlb_probe
                0x00000000800105dc                _tlb_read
                0x0000000080010640                _tlb_write
                0x00000000800106a4                _tlb_write_random
 .text          0x00000000800106c8      0x488 init/main.o
                0x00000000800106c8                init_startup_fallback
                0x0000000080010880                init_startup_thread
                0x000000008001092c                init
 .text          0x0000000080010b50       0x68 kernel/panic.o
                0x0000000080010b50                _kernel_panic
 .text          0x0000000080010bb8      0x250 kernel/kmalloc.o
                0x0000000080010bb8                kmalloc_get_numpages
                0x0000000080010c38                kmalloc_get_reserved_pages
                0x0000000080010c60                kmalloc_disable
                0x0000000080010c70                kmalloc_init
                0x0000000080010ce8                kmalloc
 .text          0x0000000080010e08      0x340 kernel/interrupt.o
                0x0000000080010e08                interrupt_init
                0x0000000080010f2c                interrupt_register
                0x0000000080010ffc                interrupt_handle
 .text          0x0000000080011148      0x3f8 kernel/thread.o
                0x0000000080011148                thread_table_init
                0x00000000800111e0                thread_create
                0x0000000080011374                thread_run
                0x000000008001137c                thread_switch
                0x00000000800113a8                thread_get_current_thread
                0x00000000800113f8                thread_finish
                0x00000000800114ac                thread_get_current_thread_entry
                0x0000000080011508                thread_goto_userland
 .text          0x0000000080011540      0x320 kernel/scheduler.o
                0x0000000080011540                scheduler_init
                0x000000008001155c                scheduler_add_to_ready_list
                0x0000000080011648                scheduler_add_ready
                0x00000000800116b8                scheduler_schedule
 .text          0x0000000080011860      0x498 kernel/sleepq.o
                0x0000000080011860                sleepq_init
                0x0000000080011890                sleepq_add
                0x00000000800119e8                sleepq_wake
                0x0000000080011b5c                sleepq_wake_all
 .text          0x0000000080011cf8      0x2a4 kernel/semaphore.o
                0x0000000080011cf8                semaphore_init
                0x0000000080011d40                semaphore_create
                0x0000000080011e88                semaphore_destroy
                0x0000000080011e94                semaphore_P
                0x0000000080011f1c                semaphore_V
 .text          0x0000000080011f9c      0x290 kernel/exception.o
                0x0000000080011fd4                kernel_exception_handle
 .text          0x000000008001222c       0x3c kernel/halt.o
                0x000000008001222c                halt_kernel
 .text          0x0000000080012268      0x3f8 lib/libc.o
                0x0000000080012268                kwrite
                0x00000000800122b0                kread
                0x0000000080012330                stringcmp
                0x00000000800123ac                stringcopy
                0x0000000080012448                memcopy
                0x0000000080012518                memoryset
                0x0000000080012540                atoi
                0x0000000080012628                strlen
 .text          0x0000000080012660      0xa70 lib/xprintf.o
                0x0000000080012f64                kvprintf
                0x0000000080012fec                kprintf
                0x000000008001307c                vsnprintf
                0x00000000800130a0                snprintf
 .text          0x00000000800130d0      0x3b8 lib/bitmap.o
                0x00000000800130d0                bitmap_sizeof
                0x00000000800130f8                bitmap_init
                0x0000000080013184                bitmap_get
                0x0000000080013254                bitmap_set
                0x0000000080013374                bitmap_findnset
 .text          0x0000000080013488       0x44 lib/debug.o
                0x0000000080013488                DEBUG
 .text          0x00000000800134cc       0xe8 drivers/polltty.o
                0x00000000800134cc                polltty_init
                0x000000008001352c                polltty_getchar
                0x000000008001356c                polltty_putchar
 .text          0x00000000800135b4       0x34 drivers/timer.o
                0x00000000800135b4                timer_set_ticks
 .text          0x00000000800135e8      0x278 drivers/bootargs.o
                0x00000000800135e8                bootargs_init
                0x00000000800137d4                bootargs_get
 .text          0x0000000080013860      0x1dc drivers/device.o
                0x0000000080013860                device_init
                0x00000000800139dc                device_get
 .text          0x0000000080013a3c        0x0 drivers/drivers.o
 .text          0x0000000080013a3c      0x7dc drivers/tty.o
                0x0000000080013de4                tty_interrupt_handle
                0x000000008001405c                tty_init
 .text          0x0000000080014218      0x5b0 drivers/disk.o
                0x000000008001469c                disk_init
 .text          0x00000000800147c8       0x44 drivers/disksched.o
                0x00000000800147c8                disksched_schedule
 .text          0x000000008001480c      0x478 drivers/metadev.o
                0x000000008001488c                cpustatus_interrupt_handle
                0x0000000080014918                rtc_init
                0x0000000080014988                rtc_get_msec
                0x00000000800149a0                rtc_get_clockspeed
                0x00000000800149b8                meminfo_init
                0x0000000080014a28                meminfo_get_pages
                0x0000000080014a40                cpustatus_init
                0x0000000080014ae0                cpustatus_count
                0x0000000080014b28                cpustatus_generate_irq
                0x0000000080014ba8                shutdown_init
                0x0000000080014c18                shutdown
 .text          0x0000000080014c84      0x234 proc/exception.o
                0x0000000080014c84                user_exception_handle
 .text          0x0000000080014eb8      0x244 proc/elf.o
                0x0000000080014eb8                elf_parse_header
 .text          0x00000000800150fc      0x58c proc/process.o
                0x00000000800150fc                process_start
 .text          0x0000000080015688       0x74 proc/syscall.o
                0x0000000080015688                syscall_handle
 .text          0x00000000800156fc      0x54c vm/vm.o
                0x00000000800156fc                vm_init
                0x0000000080015718                vm_create_pagetable
                0x0000000080015764                vm_destroy_pagetable
                0x0000000080015774                vm_map
                0x0000000080015aa4                vm_unmap
                0x0000000080015aac                vm_set_dirty
 .text          0x0000000080015c48      0x278 vm/pagepool.o
                0x0000000080015c48                pagepool_init
                0x0000000080015d1c                pagepool_get_phys_page
                0x0000000080015de8                pagepool_free_phys_page
 .text          0x0000000080015ec0       0xc8 vm/tlb.o
                0x0000000080015ec0                tlb_modified_exception
                0x0000000080015ed8                tlb_load_exception
                0x0000000080015ef0                tlb_store_exception
                0x0000000080015f08                tlb_fill
 .text          0x0000000080015f88     0x11c8 fs/vfs.o
                0x000000008001622c                vfs_init
                0x0000000080016318                vfs_deinit
                0x0000000080016488                vfs_mount
                0x000000008001661c                vfs_mount_fs
                0x0000000080016718                vfs_mount_all
                0x00000000800167a0                vfs_unmount
                0x0000000080016914                vfs_open
                0x0000000080016b04                vfs_close
                0x0000000080016b94                vfs_seek
                0x0000000080016c3c                vfs_read
                0x0000000080016d1c                vfs_write
                0x0000000080016dfc                vfs_create
                0x0000000080016f44                vfs_remove
                0x0000000080017058                vfs_getfree
 .text          0x0000000080017150     0x1028 fs/tfs.o
                0x0000000080017150                tfs_close
                0x0000000080017158                tfs_unmount
                0x00000000800171b0                tfs_open
                0x00000000800172b4                tfs_create
                0x0000000080017608                tfs_remove
                0x0000000080017890                tfs_read
                0x0000000080017b28                tfs_write
                0x0000000080017e64                tfs_getfree
                0x0000000080017f38                tfs_init
 .text          0x0000000080018178       0xa8 fs/filesystems.o
                0x0000000080018178                filesystems_try_all
 .text          0x0000000080018220      0x5cc net/network.o
                0x0000000080018340                network_init
                0x00000000800184bc                network_get_source_address
                0x00000000800184f4                network_get_broadcast_address
                0x00000000800184fc                network_get_loopback_address
                0x0000000080018504                network_get_mtu
                0x00000000800185d4                network_send
                0x00000000800187dc                network_free_frame
 .text          0x00000000800187ec       0xa8 net/protocols.o
                0x00000000800187ec                protocols_get_frame_handler
                0x0000000080018844                protocols_init
 .text          0x0000000080018894      0x348 net/socket.o
                0x0000000080018894                socket_init
                0x0000000080018958                socket_open
                0x0000000080018b2c                socket_close
 .text          0x0000000080018bdc      0x9b4 net/pop.o
                0x0000000080018f0c                socket_sendto
                0x0000000080019108                socket_recvfrom
                0x0000000080019270                pop_init
                0x00000000800193c0                pop_push_frame

.rodata         0x0000000080019590     0x15c4
 *(.rodata .rodata.*)
 .rodata.str1.4
                0x0000000080019590      0x491 init/main.o
                                        0x495 (size before relaxing)
 *fill*         0x0000000080019a21        0x3 
 .rodata.str1.4
                0x0000000080019a24       0x26 kernel/panic.o
 *fill*         0x0000000080019a4a        0x2 
 .rodata.str1.4
                0x0000000080019a4c      0x11f kernel/kmalloc.o
 *fill*         0x0000000080019b6b        0x1 
 .rodata.str1.4
                0x0000000080019b6c       0xca kernel/interrupt.o
 *fill*         0x0000000080019c36        0x2 
 .rodata.str1.4
                0x0000000080019c38       0x6b kernel/thread.o
                                         0x7f (size before relaxing)
 *fill*         0x0000000080019ca3        0x1 
 .rodata.str1.4
                0x0000000080019ca4       0x13 kernel/scheduler.o
                                         0x27 (size before relaxing)
 *fill*         0x0000000080019cb7        0x1 
 .rodata.str1.4
                0x0000000080019cb8       0x10 kernel/sleepq.o
                                         0x24 (size before relaxing)
 .rodata.str1.4
                0x0000000080019cc8       0x13 kernel/semaphore.o
                                         0x27 (size before relaxing)
 *fill*         0x0000000080019cdb        0x1 
 .rodata.str1.4
                0x0000000080019cdc      0x26a kernel/exception.o
 *fill*         0x0000000080019f46        0x2 
 .rodata        0x0000000080019f48       0x38 kernel/exception.o
 .rodata.str1.4
                0x0000000080019f80       0x54 kernel/halt.o
 .rodata        0x0000000080019fd4      0x10c lib/xprintf.o
 .rodata.str1.4
                0x000000008001a0e0       0x2c lib/bitmap.o
                                         0x40 (size before relaxing)
 .rodata.str1.4
                0x000000008001a10c       0x2c drivers/bootargs.o
                                          0x1 (size before relaxing)
 .rodata.str1.4
                0x000000008001a10c       0xaa drivers/device.o
 *fill*         0x000000008001a1b6        0x2 
 .rodata.str1.4
                0x000000008001a1b8       0x51 drivers/drivers.o
 *fill*         0x000000008001a209        0x3 
 .rodata.str1.4
                0x000000008001a20c       0x8e drivers/tty.o
 *fill*         0x000000008001a29a        0x2 
 .rodata.str1.4
                0x000000008001a29c       0x93 drivers/disk.o
                                         0xa7 (size before relaxing)
 *fill*         0x000000008001a32f        0x1 
 .rodata.str1.4
                0x000000008001a330      0x12c drivers/metadev.o
                                        0x140 (size before relaxing)
 .rodata.str1.4
                0x000000008001a45c       0x11 proc/exception.o
                                        0x1d6 (size before relaxing)
 *fill*         0x000000008001a46d        0x3 
 .rodata        0x000000008001a470       0x38 proc/exception.o
 .rodata.str1.4
                0x000000008001a4a8       0x2d proc/process.o
                                         0x41 (size before relaxing)
 *fill*         0x000000008001a4d5        0x3 
 .rodata.str1.4
                0x000000008001a4d8       0x27 proc/syscall.o
 *fill*         0x000000008001a4ff        0x1 
 .rodata.str1.4
                0x000000008001a500      0x100 vm/vm.o
                                        0x114 (size before relaxing)
 .rodata.str1.4
                0x000000008001a600       0x6a vm/pagepool.o
                                         0x7e (size before relaxing)
 *fill*         0x000000008001a66a        0x2 
 .rodata.str1.4
                0x000000008001a66c       0x6e vm/tlb.o
                                         0x81 (size before relaxing)
 *fill*         0x000000008001a6da        0x2 
 .rodata.str1.4
                0x000000008001a6dc      0x2d1 fs/vfs.o
                                        0x2e5 (size before relaxing)
 *fill*         0x000000008001a9ad        0x3 
 .rodata.str1.4
                0x000000008001a9b0       0x92 fs/tfs.o
 *fill*         0x000000008001aa42        0x2 
 .rodata.str1.4
                0x000000008001aa44       0x2c fs/filesystems.o
 .rodata.str1.4
                0x000000008001aa70       0x4e net/network.o
                                         0x62 (size before relaxing)
 *fill*         0x000000008001aabe        0x2 
 .rodata.str1.4
                0x000000008001aac0       0x3a net/socket.o
                                         0x4e (size before relaxing)
 *fill*         0x000000008001aafa        0x2 
 .rodata.str1.4
                0x000000008001aafc       0x58 net/pop.o
                                         0x6b (size before relaxing)

.MIPS.abiflags  0x000000008001ab58       0x18
 .MIPS.abiflags
                0x000000008001ab58       0x18 init/_boot.o

.rel.dyn        0x000000008001ab70        0x0
 .rel.dyn       0x000000008001ab70        0x0 drivers/drivers.o

.data           0x000000008001ab70       0x90
 *(.data)
 .data          0x000000008001ab70        0x0 init/_boot.o
 .data          0x000000008001ab70        0x0 kernel/cswitch.o
 .data          0x000000008001ab70        0x0 kernel/_interrupt.o
 .data          0x000000008001ab70        0x0 kernel/_spinlock.o
 .data          0x000000008001ab70        0x0 kernel/idle.o
 .data          0x000000008001ab70        0xc lib/rand.o
 .data          0x000000008001ab7c        0x0 drivers/_timer.o
 .data          0x000000008001ab7c        0x0 vm/_tlb.o
 .data          0x000000008001ab7c        0x0 init/main.o
 .data          0x000000008001ab7c        0x0 kernel/panic.o
 .data          0x000000008001ab7c        0x0 kernel/kmalloc.o
 .data          0x000000008001ab7c        0x0 kernel/interrupt.o
 .data          0x000000008001ab7c        0x0 kernel/thread.o
 .data          0x000000008001ab7c        0x8 kernel/scheduler.o
 .data          0x000000008001ab84        0x0 kernel/sleepq.o
 .data          0x000000008001ab84        0x0 kernel/semaphore.o
 .data          0x000000008001ab84        0x0 kernel/exception.o
 .data          0x000000008001ab84        0x0 kernel/halt.o
 .data          0x000000008001ab84        0x0 lib/libc.o
 .data          0x000000008001ab84        0x0 lib/xprintf.o
 .data          0x000000008001ab84        0x0 lib/bitmap.o
 .data          0x000000008001ab84        0x0 lib/debug.o
 .data          0x000000008001ab84        0x0 drivers/polltty.o
 .data          0x000000008001ab84        0x0 drivers/timer.o
 .data          0x000000008001ab84        0x0 drivers/bootargs.o
 .data          0x000000008001ab84        0x0 drivers/device.o
 .data          0x000000008001ab84       0x54 drivers/drivers.o
                0x000000008001ab84                drivers_available
 .data          0x000000008001abd8        0x0 drivers/tty.o
 .data          0x000000008001abd8        0x0 drivers/disk.o
 .data          0x000000008001abd8        0x0 drivers/disksched.o
 .data          0x000000008001abd8        0x0 drivers/metadev.o
 .data          0x000000008001abd8        0x0 proc/exception.o
 .data          0x000000008001abd8        0x0 proc/elf.o
 .data          0x000000008001abd8        0x0 proc/process.o
 .data          0x000000008001abd8        0x0 proc/syscall.o
 .data          0x000000008001abd8        0x0 vm/vm.o
 .data          0x000000008001abd8        0x0 vm/pagepool.o
 .data          0x000000008001abd8        0x0 vm/tlb.o
 .data          0x000000008001abd8        0x0 fs/vfs.o
 .data          0x000000008001abd8        0x0 fs/tfs.o
 .data          0x000000008001abd8       0x10 fs/filesystems.o
 .data          0x000000008001abe8        0x0 net/network.o
 .data          0x000000008001abe8       0x18 net/protocols.o
                0x000000008001abe8                network_protocols
 .data          0x000000008001ac00        0x0 net/socket.o
 .data          0x000000008001ac00        0x0 net/pop.o

.bss            0x000000008001ac00    0x23c2c
 *(.bss COMMON)
 .bss           0x000000008001ac00        0x0 init/_boot.o
 .bss           0x000000008001ac00        0x0 kernel/cswitch.o
 .bss           0x000000008001ac00        0x0 kernel/_interrupt.o
 .bss           0x000000008001ac00        0x0 kernel/_spinlock.o
 .bss           0x000000008001ac00        0x0 kernel/idle.o
 .bss           0x000000008001ac00        0x0 lib/rand.o
 .bss           0x000000008001ac00        0x0 drivers/_timer.o
 .bss           0x000000008001ac00        0x0 vm/_tlb.o
 .bss           0x000000008001ac00        0x4 init/main.o
                0x000000008001ac00                kernel_bootstrap_finished
 .bss           0x000000008001ac04        0x0 kernel/panic.o
 .bss           0x000000008001ac04        0x8 kernel/kmalloc.o
 .bss           0x000000008001ac0c      0x600 kernel/interrupt.o
 COMMON         0x000000008001b20c       0x10 kernel/interrupt.o
                0x000000008001b20c                interrupt_stacks
 .bss           0x000000008001b21c        0x4 kernel/thread.o
 COMMON         0x000000008001b220    0x20804 kernel/thread.o
                0x000000008001b220                thread_table
                0x000000008001ba20                thread_stack_areas
                0x000000008003ba20                thread_table_slock
 .bss           0x000000008003ba24        0x0 kernel/scheduler.o
 COMMON         0x000000008003ba24       0x10 kernel/scheduler.o
                0x000000008003ba24                scheduler_current_thread
 .bss           0x000000008003ba34      0x200 kernel/sleepq.o
 .bss           0x000000008003bc34      0x608 kernel/semaphore.o
 .bss           0x000000008003c23c        0x0 kernel/exception.o
 .bss           0x000000008003c23c        0x0 kernel/halt.o
 .bss           0x000000008003c23c        0x0 lib/libc.o
 .bss           0x000000008003c23c        0x4 lib/xprintf.o
                0x000000008003c23c                kprintf_slock
 .bss           0x000000008003c240        0x0 lib/bitmap.o
 .bss           0x000000008003c240        0x0 lib/debug.o
 .bss           0x000000008003c240        0x4 drivers/polltty.o
 .bss           0x000000008003c244        0x0 drivers/timer.o
 .bss           0x000000008003c244      0x100 drivers/bootargs.o
 .bss           0x000000008003c344      0x204 drivers/device.o
 .bss           0x000000008003c548        0x0 drivers/drivers.o
 .bss           0x000000008003c548        0x4 drivers/tty.o
 .bss           0x000000008003c54c        0x0 drivers/disk.o
 .bss           0x000000008003c54c        0x0 drivers/disksched.o
 .bss           0x000000008003c54c       0x48 drivers/metadev.o
 .bss           0x000000008003c594        0x0 proc/exception.o
 .bss           0x000000008003c594        0x0 proc/elf.o
 .bss           0x000000008003c594        0x0 proc/process.o
 .bss           0x000000008003c594        0x0 proc/syscall.o
 .bss           0x000000008003c594        0x0 vm/vm.o
 .bss           0x000000008003c594       0x14 vm/pagepool.o
 .bss           0x000000008003c5a8        0x0 vm/tlb.o
 .bss           0x000000008003c5a8     0x18b8 fs/vfs.o
 .bss           0x000000008003de60        0x0 fs/tfs.o
 .bss           0x000000008003de60        0x0 fs/filesystems.o
 .bss           0x000000008003de60        0x0 net/network.o
 COMMON         0x000000008003de60       0x30 net/network.o
                0x000000008003de60                network_interfaces
 .bss           0x000000008003de90        0x0 net/protocols.o
 .bss           0x000000008003de90        0x4 net/socket.o
 COMMON         0x000000008003de94      0x704 net/socket.o
                0x000000008003de94                open_sockets
                0x000000008003e594                open_sockets_sem
 .bss           0x000000008003e598      0x294 net/pop.o
                0x000000008003e82c                KERNEL_ENDS_HERE = .
LOAD init/_boot.o
LOAD kernel/cswitch.o
LOAD kernel/_interrupt.o
LOAD kernel/_spinlock.o
LOAD kernel/idle.o
LOAD lib/rand.o
LOAD drivers/_timer.o
LOAD vm/_tlb.o
LOAD init/main.o
LOAD kernel/panic.o
LOAD kernel/kmalloc.o
LOAD kernel/interrupt.o
LOAD kernel/thread.o
LOAD kernel/scheduler.o
LOAD kernel/sleepq.o
LOAD kernel/semaphore.o
LOAD kernel/exception.o
LOAD kernel/halt.o
LOAD lib/libc.o
LOAD lib/xprintf.o
LOAD lib/bitmap.o
LOAD lib/debug.o
LOAD drivers/polltty.o
LOAD drivers/timer.o
LOAD drivers/bootargs.o
LOAD drivers/device.o
LOAD drivers/drivers.o
LOAD drivers/tty.o
LOAD drivers/disk.o
LOAD drivers/disksched.o
LOAD drivers/metadev.o
LOAD proc/exception.o
LOAD proc/elf.o
LOAD proc/process.o
LOAD proc/syscall.o
LOAD vm/vm.o
LOAD vm/pagepool.o
LOAD vm/tlb.o
LOAD fs/vfs.o
LOAD fs/tfs.o
LOAD fs/filesystems.o
LOAD net/network.o
LOAD net/protocols.o
LOAD net/socket.o
LOAD net/pop.o
OUTPUT(buenos elf32-bigmips)

.reginfo        0x0000000000000000       0x18
 .reginfo       0x0000000000000000       0x18 init/_boot.o

.pdr            0x0000000000000000     0x1740
 .pdr           0x0000000000000000       0x40 init/_boot.o
 .pdr           0x0000000000000040       0xa0 kernel/cswitch.o
 .pdr           0x00000000000000e0      0x180 kernel/_interrupt.o
 .pdr           0x0000000000000260       0x40 kernel/_spinlock.o
 .pdr           0x00000000000002a0       0x20 kernel/idle.o
 .pdr           0x00000000000002c0       0x40 lib/rand.o
 .pdr           0x0000000000000300       0x20 drivers/_timer.o
 .pdr           0x0000000000000320       0xe0 vm/_tlb.o
 .pdr           0x0000000000000400       0x60 init/main.o
 .pdr           0x0000000000000460       0x20 kernel/panic.o
 .pdr           0x0000000000000480       0xa0 kernel/kmalloc.o
 .pdr           0x0000000000000520       0x60 kernel/interrupt.o
 .pdr           0x0000000000000580      0x100 kernel/thread.o
 .pdr           0x0000000000000680       0x80 kernel/scheduler.o
 .pdr           0x0000000000000700       0x80 kernel/sleepq.o
 .pdr           0x0000000000000780       0xa0 kernel/semaphore.o
 .pdr           0x0000000000000820       0x40 kernel/exception.o
 .pdr           0x0000000000000860       0x20 kernel/halt.o
 .pdr           0x0000000000000880      0x100 lib/libc.o
 .pdr           0x0000000000000980       0xe0 lib/xprintf.o
 .pdr           0x0000000000000a60       0xa0 lib/bitmap.o
 .pdr           0x0000000000000b00       0x20 lib/debug.o
 .pdr           0x0000000000000b20       0x60 drivers/polltty.o
 .pdr           0x0000000000000b80       0x20 drivers/timer.o
 .pdr           0x0000000000000ba0       0x40 drivers/bootargs.o
 .pdr           0x0000000000000be0       0x40 drivers/device.o
 .pdr           0x0000000000000c20        0x0 drivers/drivers.o
 .pdr           0x0000000000000c20       0x80 drivers/tty.o
 .pdr           0x0000000000000ca0      0x100 drivers/disk.o
 .pdr           0x0000000000000da0       0x20 drivers/disksched.o
 .pdr           0x0000000000000dc0      0x180 drivers/metadev.o
 .pdr           0x0000000000000f40       0x20 proc/exception.o
 .pdr           0x0000000000000f60       0x20 proc/elf.o
 .pdr           0x0000000000000f80       0x20 proc/process.o
 .pdr           0x0000000000000fa0       0x20 proc/syscall.o
 .pdr           0x0000000000000fc0       0xc0 vm/vm.o
 .pdr           0x0000000000001080       0x60 vm/pagepool.o
 .pdr           0x00000000000010e0       0x80 vm/tlb.o
 .pdr           0x0000000000001160      0x240 fs/vfs.o
 .pdr           0x00000000000013a0      0x120 fs/tfs.o
 .pdr           0x00000000000014c0       0x20 fs/filesystems.o
 .pdr           0x00000000000014e0      0x120 net/network.o
 .pdr           0x0000000000001600       0x40 net/protocols.o
 .pdr           0x0000000000001640       0x60 net/socket.o
 .pdr           0x00000000000016a0       0xa0 net/pop.o

.gnu.attributes
                0x0000000000000000       0x10
 .gnu.attributes
                0x0000000000000000       0x10 init/_boot.o
 .gnu.attributes
                0x0000000000000010       0x10 kernel/cswitch.o
 .gnu.attributes
                0x0000000000000020       0x10 kernel/_interrupt.o
 .gnu.attributes
                0x0000000000000030       0x10 kernel/_spinlock.o
 .gnu.attributes
                0x0000000000000040       0x10 kernel/idle.o
 .gnu.attributes
                0x0000000000000050       0x10 lib/rand.o
 .gnu.attributes
                0x0000000000000060       0x10 drivers/_timer.o
 .gnu.attributes
                0x0000000000000070       0x10 vm/_tlb.o
 .gnu.attributes
                0x0000000000000080       0x10 init/main.o
 .gnu.attributes
                0x0000000000000090       0x10 kernel/panic.o
 .gnu.attributes
                0x00000000000000a0       0x10 kernel/kmalloc.o
 .gnu.attributes
                0x00000000000000b0       0x10 kernel/interrupt.o
 .gnu.attributes
                0x00000000000000c0       0x10 kernel/thread.o
 .gnu.attributes
                0x00000000000000d0       0x10 kernel/scheduler.o
 .gnu.attributes
                0x00000000000000e0       0x10 kernel/sleepq.o
 .gnu.attributes
                0x00000000000000f0       0x10 kernel/semaphore.o
 .gnu.attributes
                0x0000000000000100       0x10 kernel/exception.o
 .gnu.attributes
                0x0000000000000110       0x10 kernel/halt.o
 .gnu.attributes
                0x0000000000000120       0x10 lib/libc.o
 .gnu.attributes
                0x0000000000000130       0x10 lib/xprintf.o
 .gnu.attributes
                0x0000000000000140       0x10 lib/bitmap.o
 .gnu.attributes
                0x0000000000000150       0x10 lib/debug.o
 .gnu.attributes
                0x0000000000000160       0x10 drivers/polltty.o
 .gnu.attributes
                0x0000000000000170       0x10 drivers/timer.o
 .gnu.attributes
                0x0000000000000180       0x10 drivers/bootargs.o
 .gnu.attributes
                0x0000000000000190       0x10 drivers/device.o
 .gnu.attributes
                0x00000000000001a0       0x10 drivers/drivers.o
 .gnu.attributes
                0x00000000000001b0       0x10 drivers/tty.o
 .gnu.attributes
                0x00000000000001c0       0x10 drivers/disk.o
 .gnu.attributes
                0x00000000000001d0       0x10 drivers/disksched.o
 .gnu.attributes
                0x00000000000001e0       0x10 drivers/metadev.o
 .gnu.attributes
                0x00000000000001f0       0x10 proc/exception.o
 .gnu.attributes
                0x0000000000000200       0x10 proc/elf.o
 .gnu.attributes
                0x0000000000000210       0x10 proc/process.o
 .gnu.attributes
                0x0000000000000220       0x10 proc/syscall.o
 .gnu.attributes
                0x0000000000000230       0x10 vm/vm.o
 .gnu.attributes
                0x0000000000000240       0x10 vm/pagepool.o
 .gnu.attributes
                0x0000000000000250       0x10 vm/tlb.o
 .gnu.attributes
                0x0000000000000260       0x10 fs/vfs.o
 .gnu.attributes
                0x0000000000000270       0x10 fs/tfs.o
 .gnu.attributes
                0x0000000000000280       0x10 fs/filesystems.o
 .gnu.attributes
                0x0000000000000290       0x10 net/network.o
 .gnu.attributes
                0x00000000000002a0       0x10 net/protocols.o
 .gnu.attributes
                0x00000000000002b0       0x10 net/socket.o
 .gnu.attributes
                0x00000000000002c0       0x10 net/pop.o

.mdebug.abi32   0x0000000000000000        0x0
 .mdebug.abi32  0x0000000000000000        0x0 init/main.o
 .mdebug.abi32  0x0000000000000000        0x0 kernel/panic.o
 .mdebug.abi32  0x0000000000000000        0x0 kernel/kmalloc.o
 .mdebug.abi32  0x0000000000000000        0x0 kernel/interrupt.o
 .mdebug.abi32  0x0000000000000000        0x0 kernel/thread.o
 .mdebug.abi32  0x0000000000000000        0x0 kernel/scheduler.o
 .mdebug.abi32  0x0000000000000000        0x0 kernel/sleepq.o
 .mdebug.abi32  0x0000000000000000        0x0 kernel/semaphore.o
 .mdebug.abi32  0x0000000000000000        0x0 kernel/exception.o
 .mdebug.abi32  0x0000000000000000        0x0 kernel/halt.o
 .mdebug.abi32  0x0000000000000000        0x0 lib/libc.o
 .mdebug.abi32  0x0000000000000000        0x0 lib/xprintf.o
 .mdebug.abi32  0x0000000000000000        0x0 lib/bitmap.o
 .mdebug.abi32  0x0000000000000000        0x0 lib/debug.o
 .mdebug.abi32  0x0000000000000000        0x0 drivers/polltty.o
 .mdebug.abi32  0x0000000000000000        0x0 drivers/timer.o
 .mdebug.abi32  0x0000000000000000        0x0 drivers/bootargs.o
 .mdebug.abi32  0x0000000000000000        0x0 drivers/device.o
 .mdebug.abi32  0x0000000000000000        0x0 drivers/drivers.o
 .mdebug.abi32  0x0000000000000000        0x0 drivers/tty.o
 .mdebug.abi32  0x0000000000000000        0x0 drivers/disk.o
 .mdebug.abi32  0x0000000000000000        0x0 drivers/disksched.o
 .mdebug.abi32  0x0000000000000000        0x0 drivers/metadev.o
 .mdebug.abi32  0x0000000000000000        0x0 proc/exception.o
 .mdebug.abi32  0x0000000000000000        0x0 proc/elf.o
 .mdebug.abi32  0x0000000000000000        0x0 proc/process.o
 .mdebug.abi32  0x0000000000000000        0x0 proc/syscall.o
 .mdebug.abi32  0x0000000000000000        0x0 vm/vm.o
 .mdebug.abi32  0x0000000000000000        0x0 vm/pagepool.o
 .mdebug.abi32  0x0000000000000000        0x0 vm/tlb.o
 .mdebug.abi32  0x0000000000000000        0x0 fs/vfs.o
 .mdebug.abi32  0x0000000000000000        0x0 fs/tfs.o
 .mdebug.abi32  0x0000000000000000        0x0 fs/filesystems.o
 .mdebug.abi32  0x0000000000000000        0x0 net/network.o
 .mdebug.abi32  0x0000000000000000        0x0 net/protocols.o
 .mdebug.abi32  0x0000000000000000        0x0 net/socket.o
 .mdebug.abi32  0x0000000000000000        0x0 net/pop.o

.comment        0x0000000000000000       0x11
 .comment       0x0000000000000000       0x11 init/main.o
                                         0x12 (size before relaxing)
 .comment       0x0000000000000011       0x12 kernel/panic.o
 .comment       0x0000000000000011       0x12 kernel/kmalloc.o
 .comment       0x0000000000000011       0x12 kernel/interrupt.o
 .comment       0x0000000000000011       0x12 kernel/thread.o
 .comment       0x0000000000000011       0x12 kernel/scheduler.o
 .comment       0x0000000000000011       0x12 kernel/sleepq.o
 .comment       0x0000000000000011       0x12 kernel/semaphore.o
 .comment       0x0000000000000011       0x12 kernel/exception.o
 .comment       0x0000000000000011       0x12 kernel/halt.o
 .comment       0x0000000000000011       0x12 lib/libc.o
 .comment       0x0000000000000011       0x12 lib/xprintf.o
 .comment       0x0000000000000011       0x12 lib/bitmap.o
 .comment       0x0000000000000011       0x12 lib/debug.o
 .comment       0x0000000000000011       0x12 drivers/polltty.o
 .comment       0x0000000000000011       0x12 drivers/timer.o
 .comment       0x0000000000000011       0x12 drivers/bootargs.o
 .comment       0x0000000000000011       0x12 drivers/device.o
 .comment       0x0000000000000011       0x12 drivers/drivers.o
 .comment       0x0000000000000011       0x12 drivers/tty.o
 .comment       0x0000000000000011       0x12 drivers/disk.o
 .comment       0x0000000000000011       0x12 drivers/disksched.o
 .comment       0x0000000000000011       0x12 drivers/metadev.o
 .comment       0x0000000000000011       0x12 proc/exception.o
 .comment       0x0000000000000011       0x12 proc/elf.o
 .comment       0x0000000000000011       0x12 proc/process.o
 .comment       0x0000000000000011       0x12 proc/syscall.o
 .comment       0x0000000000000011       0x12 vm/vm.o
 .comment       0x0000000000000011       0x12 vm/pagepool.o
 .comment       0x0000000000000011       0x12 vm/tlb.o
 .comment       0x0000000000000011       0x12 fs/vfs.o
 .comment       0x0000000000000011       0x12 fs/tfs.o
 .comment       0x0000000000000011       0x12 fs/filesystems.o
 .comment       0x0000000000000011       0x12 net/network.o
 .comment       0x0000000000000011       0x12 net/protocols.o
 .comment       0x0000000000000011       0x12 net/socket.o
 .comment       0x0000000000000011       0x12 net/pop.o

.stab           0x0000000000000000     0x1560
 .stab          0x0000000000000000       0xfc init/_boot.o
 .stab          0x00000000000000fc      0x9d8 kernel/cswitch.o
                                        0x9e4 (size before relaxing)
 .stab          0x0000000000000ad4      0x3f0 kernel/_interrupt.o
                                        0x3fc (size before relaxing)
 .stab          0x0000000000000ec4       0xb4 kernel/_spinlock.o
                                         0xc0 (size before relaxing)
 .stab          0x0000000000000f78       0x54 kernel/idle.o
                                         0x60 (size before relaxing)
 .stab          0x0000000000000fcc       0xe4 lib/rand.o
                                         0xf0 (size before relaxing)
 .stab          0x00000000000010b0       0x6c drivers/_timer.o
                                         0x78 (size before relaxing)
 .stab          0x000000000000111c      0x444 vm/_tlb.o
                                        0x450 (size before relaxing)

.stabstr        0x0000000000000000      0x3a9
 .stabstr       0x0000000000000000      0x3a9 init/_boot.o

.debug_info     0x0000000000000000     0xc7f2
 .debug_info    0x0000000000000000      0xa15 init/main.o
 .debug_info    0x0000000000000a15      0x147 kernel/panic.o
 .debug_info    0x0000000000000b5c      0x318 kernel/kmalloc.o
 .debug_info    0x0000000000000e74      0x475 kernel/interrupt.o
 .debug_info    0x00000000000012e9      0x799 kernel/thread.o
 .debug_info    0x0000000000001a82      0x5eb kernel/scheduler.o
 .debug_info    0x000000000000206d      0x700 kernel/sleepq.o
 .debug_info    0x000000000000276d      0x42c kernel/semaphore.o
 .debug_info    0x0000000000002b99      0x400 kernel/exception.o
 .debug_info    0x0000000000002f99       0xf4 kernel/halt.o
 .debug_info    0x000000000000308d      0x348 lib/libc.o
 .debug_info    0x00000000000033d5      0xa2f lib/xprintf.o
 .debug_info    0x0000000000003e04      0x375 lib/bitmap.o
 .debug_info    0x0000000000004179      0x11c lib/debug.o
 .debug_info    0x0000000000004295      0x1aa drivers/polltty.o
 .debug_info    0x000000000000443f       0xfe drivers/timer.o
 .debug_info    0x000000000000453d      0x217 drivers/bootargs.o
 .debug_info    0x0000000000004754      0x325 drivers/device.o
 .debug_info    0x0000000000004a79      0x1c9 drivers/drivers.o
 .debug_info    0x0000000000004c42      0x76d drivers/tty.o
 .debug_info    0x00000000000053af      0xa86 drivers/disk.o
 .debug_info    0x0000000000005e35      0x1bc drivers/disksched.o
 .debug_info    0x0000000000005ff1      0x71f drivers/metadev.o
 .debug_info    0x0000000000006710      0x5bf proc/exception.o
 .debug_info    0x0000000000006ccf      0x3a6 proc/elf.o
 .debug_info    0x0000000000007075      0x9d5 proc/process.o
 .debug_info    0x0000000000007a4a      0x152 proc/syscall.o
 .debug_info    0x0000000000007b9c      0x472 vm/vm.o
 .debug_info    0x000000000000800e      0x401 vm/pagepool.o
 .debug_info    0x000000000000840f      0x2fe vm/tlb.o
 .debug_info    0x000000000000870d     0x1576 fs/vfs.o
 .debug_info    0x0000000000009c83      0xf03 fs/tfs.o
 .debug_info    0x000000000000ab86      0x505 fs/filesystems.o
 .debug_info    0x000000000000b08b      0x95d net/network.o
 .debug_info    0x000000000000b9e8      0x177 net/protocols.o
 .debug_info    0x000000000000bb5f      0x3a4 net/socket.o
 .debug_info    0x000000000000bf03      0x8ef net/pop.o

.debug_abbrev   0x0000000000000000     0x37cb
 .debug_abbrev  0x0000000000000000      0x180 init/main.o
 .debug_abbrev  0x0000000000000180       0xae kernel/panic.o
 .debug_abbrev  0x000000000000022e      0x194 kernel/kmalloc.o
 .debug_abbrev  0x00000000000003c2      0x192 kernel/interrupt.o
 .debug_abbrev  0x0000000000000554      0x262 kernel/thread.o
 .debug_abbrev  0x00000000000007b6      0x1f2 kernel/scheduler.o
 .debug_abbrev  0x00000000000009a8      0x1c9 kernel/sleepq.o
 .debug_abbrev  0x0000000000000b71      0x14c kernel/semaphore.o
 .debug_abbrev  0x0000000000000cbd      0x100 kernel/exception.o
 .debug_abbrev  0x0000000000000dbd       0x87 kernel/halt.o
 .debug_abbrev  0x0000000000000e44      0x128 lib/libc.o
 .debug_abbrev  0x0000000000000f6c      0x21b lib/xprintf.o
 .debug_abbrev  0x0000000000001187      0x19b lib/bitmap.o
 .debug_abbrev  0x0000000000001322       0xb9 lib/debug.o
 .debug_abbrev  0x00000000000013db       0xfb drivers/polltty.o
 .debug_abbrev  0x00000000000014d6       0xb2 drivers/timer.o
 .debug_abbrev  0x0000000000001588      0x186 drivers/bootargs.o
 .debug_abbrev  0x000000000000170e      0x1cb drivers/device.o
 .debug_abbrev  0x00000000000018d9       0xaa drivers/drivers.o
 .debug_abbrev  0x0000000000001983      0x220 drivers/tty.o
 .debug_abbrev  0x0000000000001ba3      0x2c3 drivers/disk.o
 .debug_abbrev  0x0000000000001e66       0xd8 drivers/disksched.o
 .debug_abbrev  0x0000000000001f3e      0x20e drivers/metadev.o
 .debug_abbrev  0x000000000000214c      0x164 proc/exception.o
 .debug_abbrev  0x00000000000022b0      0x124 proc/elf.o
 .debug_abbrev  0x00000000000023d4      0x18a proc/process.o
 .debug_abbrev  0x000000000000255e       0xe2 proc/syscall.o
 .debug_abbrev  0x0000000000002640      0x175 vm/vm.o
 .debug_abbrev  0x00000000000027b5      0x10e vm/pagepool.o
 .debug_abbrev  0x00000000000028c3      0x12c vm/tlb.o
 .debug_abbrev  0x00000000000029ef      0x341 fs/vfs.o
 .debug_abbrev  0x0000000000002d30      0x21d fs/tfs.o
 .debug_abbrev  0x0000000000002f4d      0x14f fs/filesystems.o
 .debug_abbrev  0x000000000000309c      0x2f9 net/network.o
 .debug_abbrev  0x0000000000003395       0xf3 net/protocols.o
 .debug_abbrev  0x0000000000003488      0x167 net/socket.o
 .debug_abbrev  0x00000000000035ef      0x1dc net/pop.o

.debug_loc      0x0000000000000000     0x6dd4
 .debug_loc     0x0000000000000000      0x10f init/main.o
 .debug_loc     0x000000000000010f       0x97 kernel/panic.o
 .debug_loc     0x00000000000001a6       0xef kernel/kmalloc.o
 .debug_loc     0x0000000000000295      0x23c kernel/interrupt.o
 .debug_loc     0x00000000000004d1      0x27d kernel/thread.o
 .debug_loc     0x000000000000074e      0x140 kernel/scheduler.o
 .debug_loc     0x000000000000088e      0x30b kernel/sleepq.o
 .debug_loc     0x0000000000000b99      0x225 kernel/semaphore.o
 .debug_loc     0x0000000000000dbe       0x6b kernel/exception.o
 .debug_loc     0x0000000000000e29      0x63f lib/libc.o
 .debug_loc     0x0000000000001468     0x1442 lib/xprintf.o
 .debug_loc     0x00000000000028aa      0x587 lib/bitmap.o
 .debug_loc     0x0000000000002e31       0x4d lib/debug.o
 .debug_loc     0x0000000000002e7e       0x43 drivers/polltty.o
 .debug_loc     0x0000000000002ec1       0x54 drivers/timer.o
 .debug_loc     0x0000000000002f15      0x279 drivers/bootargs.o
 .debug_loc     0x000000000000318e       0xdf drivers/device.o
 .debug_loc     0x000000000000326d      0x43c drivers/tty.o
 .debug_loc     0x00000000000036a9      0x4f5 drivers/disk.o
 .debug_loc     0x0000000000003b9e      0x3ab drivers/metadev.o
 .debug_loc     0x0000000000003f49       0x60 proc/exception.o
 .debug_loc     0x0000000000003fa9       0xb8 proc/elf.o
 .debug_loc     0x0000000000004061      0x222 proc/process.o
 .debug_loc     0x0000000000004283       0x50 proc/syscall.o
 .debug_loc     0x00000000000042d3      0x2a7 vm/vm.o
 .debug_loc     0x000000000000457a      0x14f vm/pagepool.o
 .debug_loc     0x00000000000046c9       0x42 vm/tlb.o
 .debug_loc     0x000000000000470b      0xc40 fs/vfs.o
 .debug_loc     0x000000000000534b      0xb7f fs/tfs.o
 .debug_loc     0x0000000000005eca       0x8e fs/filesystems.o
 .debug_loc     0x0000000000005f58      0x6c7 net/network.o
 .debug_loc     0x000000000000661f       0x5e net/protocols.o
 .debug_loc     0x000000000000667d      0x17b net/socket.o
 .debug_loc     0x00000000000067f8      0x5dc net/pop.o

.debug_aranges  0x0000000000000000      0x498
 .debug_aranges
                0x0000000000000000       0x20 init/main.o
 .debug_aranges
                0x0000000000000020       0x20 kernel/panic.o
 .debug_aranges
                0x0000000000000040       0x20 kernel/kmalloc.o
 .debug_aranges
                0x0000000000000060       0x20 kernel/interrupt.o
 .debug_aranges
                0x0000000000000080       0x20 kernel/thread.o
 .debug_aranges
                0x00000000000000a0       0x20 kernel/scheduler.o
 .debug_aranges
                0x00000000000000c0       0x20 kernel/sleepq.o
 .debug_aranges
                0x00000000000000e0       0x20 kernel/semaphore.o
 .debug_aranges
                0x0000000000000100       0x20 kernel/exception.o
 .debug_aranges
                0x0000000000000120       0x20 kernel/halt.o
 .debug_aranges
                0x0000000000000140       0x20 lib/libc.o
 .debug_aranges
                0x0000000000000160       0x20 lib/xprintf.o
 .debug_aranges
                0x0000000000000180       0x20 lib/bitmap.o
 .debug_aranges
                0x00000000000001a0       0x20 lib/debug.o
 .debug_aranges
                0x00000000000001c0       0x20 drivers/polltty.o
 .debug_aranges
                0x00000000000001e0       0x20 drivers/timer.o
 .debug_aranges
                0x0000000000000200       0x20 drivers/bootargs.o
 .debug_aranges
                0x0000000000000220       0x20 drivers/device.o
 .debug_aranges
                0x0000000000000240       0x18 drivers/drivers.o
 .debug_aranges
                0x0000000000000258       0x20 drivers/tty.o
 .debug_aranges
                0x0000000000000278       0x20 drivers/disk.o
 .debug_aranges
                0x0000000000000298       0x20 drivers/disksched.o
 .debug_aranges
                0x00000000000002b8       0x20 drivers/metadev.o
 .debug_aranges
                0x00000000000002d8       0x20 proc/exception.o
 .debug_aranges
                0x00000000000002f8       0x20 proc/elf.o
 .debug_aranges
                0x0000000000000318       0x20 proc/process.o
 .debug_aranges
                0x0000000000000338       0x20 proc/syscall.o
 .debug_aranges
                0x0000000000000358       0x20 vm/vm.o
 .debug_aranges
                0x0000000000000378       0x20 vm/pagepool.o
 .debug_aranges
                0x0000000000000398       0x20 vm/tlb.o
 .debug_aranges
                0x00000000000003b8       0x20 fs/vfs.o
 .debug_aranges
                0x00000000000003d8       0x20 fs/tfs.o
 .debug_aranges
                0x00000000000003f8       0x20 fs/filesystems.o
 .debug_aranges
                0x0000000000000418       0x20 net/network.o
 .debug_aranges
                0x0000000000000438       0x20 net/protocols.o
 .debug_aranges
                0x0000000000000458       0x20 net/socket.o
 .debug_aranges
                0x0000000000000478       0x20 net/pop.o

.debug_ranges   0x0000000000000000      0x360
 .debug_ranges  0x0000000000000000       0x20 init/main.o
 .debug_ranges  0x0000000000000020       0x18 kernel/thread.o
 .debug_ranges  0x0000000000000038       0x20 kernel/scheduler.o
 .debug_ranges  0x0000000000000058      0x108 lib/xprintf.o
 .debug_ranges  0x0000000000000160       0x18 drivers/device.o
 .debug_ranges  0x0000000000000178       0x40 drivers/tty.o
 .debug_ranges  0x00000000000001b8       0x18 drivers/disk.o
 .debug_ranges  0x00000000000001d0       0xb8 fs/vfs.o
 .debug_ranges  0x0000000000000288       0xb0 net/network.o
 .debug_ranges  0x0000000000000338       0x18 net/socket.o
 .debug_ranges  0x0000000000000350       0x10 net/pop.o

.debug_line     0x0000000000000000     0x33a0
 .debug_line    0x0000000000000000      0x1fe init/main.o
 .debug_line    0x00000000000001fe       0x85 kernel/panic.o
 .debug_line    0x0000000000000283       0xeb kernel/kmalloc.o
 .debug_line    0x000000000000036e      0x184 kernel/interrupt.o
 .debug_line    0x00000000000004f2      0x1c0 kernel/thread.o
 .debug_line    0x00000000000006b2      0x172 kernel/scheduler.o
 .debug_line    0x0000000000000824      0x1a9 kernel/sleepq.o
 .debug_line    0x00000000000009cd      0x122 kernel/semaphore.o
 .debug_line    0x0000000000000aef       0xd1 kernel/exception.o
 .debug_line    0x0000000000000bc0       0x79 kernel/halt.o
 .debug_line    0x0000000000000c39      0x17a lib/libc.o
 .debug_line    0x0000000000000db3      0x2f2 lib/xprintf.o
 .debug_line    0x00000000000010a5      0x125 lib/bitmap.o
 .debug_line    0x00000000000011ca       0xbb lib/debug.o
 .debug_line    0x0000000000001285       0x9d drivers/polltty.o
 .debug_line    0x0000000000001322       0x6e drivers/timer.o
 .debug_line    0x0000000000001390       0xf5 drivers/bootargs.o
 .debug_line    0x0000000000001485       0xef drivers/device.o
 .debug_line    0x0000000000001574       0x70 drivers/drivers.o
 .debug_line    0x00000000000015e4      0x1e8 drivers/tty.o
 .debug_line    0x00000000000017cc      0x1f5 drivers/disk.o
 .debug_line    0x00000000000019c1       0x9f drivers/disksched.o
 .debug_line    0x0000000000001a60      0x18f drivers/metadev.o
 .debug_line    0x0000000000001bef       0xf5 proc/exception.o
 .debug_line    0x0000000000001ce4       0xe5 proc/elf.o
 .debug_line    0x0000000000001dc9      0x206 proc/process.o
 .debug_line    0x0000000000001fcf       0x96 proc/syscall.o
 .debug_line    0x0000000000002065      0x183 vm/vm.o
 .debug_line    0x00000000000021e8      0x10f vm/pagepool.o
 .debug_line    0x00000000000022f7       0x98 vm/tlb.o
 .debug_line    0x000000000000238f      0x3de fs/vfs.o
 .debug_line    0x000000000000276d      0x40b fs/tfs.o
 .debug_line    0x0000000000002b78       0xf0 fs/filesystems.o
 .debug_line    0x0000000000002c68      0x224 net/network.o
 .debug_line    0x0000000000002e8c       0x92 net/protocols.o
 .debug_line    0x0000000000002f1e      0x17d net/socket.o
 .debug_line    0x000000000000309b      0x305 net/pop.o

.debug_str      0x0000000000000000     0x1ab1
 .debug_str     0x0000000000000000      0x30c init/main.o
                                        0x373 (size before relaxing)
 .debug_str     0x000000000000030c       0x45 kernel/panic.o
                                        0x12e (size before relaxing)
 .debug_str     0x0000000000000351       0xb4 kernel/kmalloc.o
                                        0x1f0 (size before relaxing)
 .debug_str     0x0000000000000405       0xf9 kernel/interrupt.o
                                        0x2a7 (size before relaxing)
 .debug_str     0x00000000000004fe      0x291 kernel/thread.o
                                        0x440 (size before relaxing)
 .debug_str     0x000000000000078f       0x72 kernel/scheduler.o
                                        0x3d9 (size before relaxing)
 .debug_str     0x0000000000000801       0x8e kernel/sleepq.o
                                        0x3b8 (size before relaxing)
 .debug_str     0x000000000000088f       0x8f kernel/semaphore.o
                                        0x253 (size before relaxing)
 .debug_str     0x000000000000091e       0xa3 kernel/exception.o
                                        0x1dd (size before relaxing)
 .debug_str     0x00000000000009c1       0x19 kernel/halt.o
                                         0xfb (size before relaxing)
 .debug_str     0x00000000000009da       0x74 lib/libc.o
                                        0x16e (size before relaxing)
 .debug_str     0x0000000000000a4e       0x9d lib/xprintf.o
                                        0x222 (size before relaxing)
 .debug_str     0x0000000000000aeb       0x6e lib/bitmap.o
                                        0x147 (size before relaxing)
 .debug_str     0x0000000000000b59       0x27 lib/debug.o
                                        0x128 (size before relaxing)
 .debug_str     0x0000000000000b80       0x3c drivers/polltty.o
                                        0x17b (size before relaxing)
 .debug_str     0x0000000000000bbc       0x21 drivers/timer.o
                                        0x140 (size before relaxing)
 .debug_str     0x0000000000000bdd       0x5c drivers/bootargs.o
                                        0x15f (size before relaxing)
 .debug_str     0x0000000000000c39       0x74 drivers/device.o
                                        0x1e8 (size before relaxing)
 .debug_str     0x0000000000000cad       0x12 drivers/drivers.o
                                        0x198 (size before relaxing)
 .debug_str     0x0000000000000cbf       0xa4 drivers/tty.o
                                        0x336 (size before relaxing)
 .debug_str     0x0000000000000d63      0x195 drivers/disk.o
                                        0x45e (size before relaxing)
 .debug_str     0x0000000000000ef8       0x14 drivers/disksched.o
                                        0x1b7 (size before relaxing)
 .debug_str     0x0000000000000f0c      0x121 drivers/metadev.o
                                        0x386 (size before relaxing)
 .debug_str     0x000000000000102d       0x3f proc/exception.o
                                        0x2fb (size before relaxing)
 .debug_str     0x000000000000106c      0x1a5 proc/elf.o
                                        0x282 (size before relaxing)
 .debug_str     0x0000000000001211       0x81 proc/process.o
                                        0x426 (size before relaxing)
 .debug_str     0x0000000000001292        0xf proc/syscall.o
                                        0x135 (size before relaxing)
 .debug_str     0x00000000000012a1       0x55 vm/vm.o
                                        0x21e (size before relaxing)
 .debug_str     0x00000000000012f6       0x70 vm/pagepool.o
                                        0x2ad (size before relaxing)
 .debug_str     0x0000000000001366       0x60 vm/tlb.o
                                        0x1c4 (size before relaxing)
 .debug_str     0x00000000000013c6      0x1b9 fs/vfs.o
                                        0x507 (size before relaxing)
 .debug_str     0x000000000000157f       0xd2 fs/tfs.o
                                        0x489 (size before relaxing)
 .debug_str     0x0000000000001651       0x34 fs/filesystems.o
                                        0x305 (size before relaxing)
 .debug_str     0x0000000000001685      0x222 net/network.o
                                        0x445 (size before relaxing)
 .debug_str     0x00000000000018a7       0x36 net/protocols.o
                                        0x170 (size before relaxing)
 .debug_str     0x00000000000018dd       0xa1 net/socket.o
                                        0x22f (size before relaxing)
 .debug_str     0x000000000000197e      0x133 net/pop.o
                                        0x3c3 (size before relaxing)

.debug_frame    0x0000000000000000     0x1864
 .debug_frame   0x0000000000000000       0x88 init/main.o
 .debug_frame   0x0000000000000088       0x38 kernel/panic.o
 .debug_frame   0x00000000000000c0       0x9c kernel/kmalloc.o
 .debug_frame   0x000000000000015c       0x98 kernel/interrupt.o
 .debug_frame   0x00000000000001f4      0x120 kernel/thread.o
 .debug_frame   0x0000000000000314       0xa4 kernel/scheduler.o
 .debug_frame   0x00000000000003b8       0xcc kernel/sleepq.o
 .debug_frame   0x0000000000000484       0xc8 kernel/semaphore.o
 .debug_frame   0x000000000000054c       0x50 kernel/exception.o
 .debug_frame   0x000000000000059c       0x2c kernel/halt.o
 .debug_frame   0x00000000000005c8       0xbc lib/libc.o
 .debug_frame   0x0000000000000684      0x118 lib/xprintf.o
 .debug_frame   0x000000000000079c       0xe4 lib/bitmap.o
 .debug_frame   0x0000000000000880       0x30 lib/debug.o
 .debug_frame   0x00000000000008b0       0x40 drivers/polltty.o
 .debug_frame   0x00000000000008f0       0x30 drivers/timer.o
 .debug_frame   0x0000000000000920       0x4c drivers/bootargs.o
 .debug_frame   0x000000000000096c       0x54 drivers/device.o
 .debug_frame   0x00000000000009c0       0xd8 drivers/tty.o
 .debug_frame   0x0000000000000a98      0x140 drivers/disk.o
 .debug_frame   0x0000000000000bd8       0x20 drivers/disksched.o
 .debug_frame   0x0000000000000bf8      0x178 drivers/metadev.o
 .debug_frame   0x0000000000000d70       0x34 proc/exception.o
 .debug_frame   0x0000000000000da4       0x48 proc/elf.o
 .debug_frame   0x0000000000000dec       0x44 proc/process.o
 .debug_frame   0x0000000000000e30       0x34 proc/syscall.o
 .debug_frame   0x0000000000000e64       0xf0 vm/vm.o
 .debug_frame   0x0000000000000f54       0x8c vm/pagepool.o
 .debug_frame   0x0000000000000fe0       0x6c vm/tlb.o
 .debug_frame   0x000000000000104c      0x314 fs/vfs.o
 .debug_frame   0x0000000000001360      0x1d0 fs/tfs.o
 .debug_frame   0x0000000000001530       0x40 fs/filesystems.o
 .debug_frame   0x0000000000001570      0x114 net/network.o
 .debug_frame   0x0000000000001684       0x40 net/protocols.o
 .debug_frame   0x00000000000016c4       0xa0 net/socket.o
 .debug_frame   0x0000000000001764      0x100 net/pop.o

Cross Reference Table

Symbol                                            File
DEBUG                                             lib/debug.o
                                                  init/main.o
KERNEL_ENDS_HERE                                  kernel/kmalloc.o
_cswitch_switch                                   kernel/cswitch.o
_cswitch_to_userland                              kernel/cswitch.o
                                                  kernel/thread.o
_cswitch_vector_code                              kernel/cswitch.o
                                                  kernel/interrupt.o
_get_rand                                         lib/rand.o
                                                  kernel/scheduler.o
_idle_thread_wait_loop                            kernel/idle.o
                                                  kernel/thread.o
                                                  init/_boot.o
_interrupt_clear_EXL                              kernel/_interrupt.o
                                                  proc/exception.o
                                                  kernel/exception.o
_interrupt_clear_bootstrap                        kernel/_interrupt.o
                                                  init/main.o
                                                  init/_boot.o
_interrupt_clear_sw                               kernel/_interrupt.o
_interrupt_clear_sw0                              kernel/_interrupt.o
                                                  kernel/interrupt.o
_interrupt_clear_sw1                              kernel/_interrupt.o
_interrupt_disable                                kernel/_interrupt.o
                                                  vm/pagepool.o
                                                  proc/process.o
                                                  proc/exception.o
                                                  drivers/metadev.o
                                                  drivers/disk.o
                                                  drivers/tty.o
                                                  drivers/timer.o
                                                  lib/xprintf.o
                                                  kernel/exception.o
                                                  kernel/semaphore.o
                                                  kernel/sleepq.o
                                                  kernel/scheduler.o
                                                  kernel/thread.o
                                                  kernel/panic.o
_interrupt_enable                                 kernel/_interrupt.o
                                                  proc/exception.o
                                                  kernel/thread.o
                                                  init/main.o
                                                  init/_boot.o
_interrupt_generate_sw0                           kernel/_interrupt.o
                                                  kernel/thread.o
                                                  init/_boot.o
_interrupt_get_state                              kernel/_interrupt.o
                                                  kernel/sleepq.o
_interrupt_getcpu                                 kernel/_interrupt.o
                                                  drivers/metadev.o
                                                  kernel/scheduler.o
                                                  kernel/thread.o
                                                  kernel/interrupt.o
                                                  kernel/panic.o
_interrupt_set_EXL                                kernel/_interrupt.o
                                                  proc/exception.o
                                                  kernel/exception.o
_interrupt_set_state                              kernel/_interrupt.o
                                                  vm/pagepool.o
                                                  proc/process.o
                                                  drivers/metadev.o
                                                  drivers/disk.o
                                                  drivers/tty.o
                                                  drivers/timer.o
                                                  lib/xprintf.o
                                                  kernel/exception.o
                                                  kernel/semaphore.o
                                                  kernel/sleepq.o
                                                  kernel/scheduler.o
                                                  kernel/thread.o
_kernel_panic                                     kernel/panic.o
                                                  net/pop.o
                                                  net/socket.o
                                                  net/network.o
                                                  fs/vfs.o
                                                  vm/tlb.o
                                                  vm/pagepool.o
                                                  vm/vm.o
                                                  proc/syscall.o
                                                  proc/process.o
                                                  proc/exception.o
                                                  drivers/metadev.o
                                                  drivers/disk.o
                                                  drivers/tty.o
                                                  lib/bitmap.o
                                                  kernel/exception.o
                                                  kernel/semaphore.o
                                                  kernel/sleepq.o
                                                  kernel/scheduler.o
                                                  kernel/thread.o
                                                  kernel/interrupt.o
                                                  kernel/kmalloc.o
                                                  init/main.o
_set_rand_seed                                    lib/rand.o
                                                  init/main.o
_start                                            init/_boot.o
_timer_set_ticks                                  drivers/_timer.o
                                                  drivers/timer.o
_tlb_get_exception_state                          vm/_tlb.o
                                                  kernel/exception.o
_tlb_get_maxindex                                 vm/_tlb.o
                                                  vm/tlb.o
                                                  proc/process.o
_tlb_probe                                        vm/_tlb.o
_tlb_read                                         vm/_tlb.o
_tlb_set_asid                                     vm/_tlb.o
                                                  vm/tlb.o
_tlb_write                                        vm/_tlb.o
                                                  vm/tlb.o
_tlb_write_random                                 vm/_tlb.o
atoi                                              lib/libc.o
                                                  init/main.o
bitmap_findnset                                   lib/bitmap.o
                                                  fs/tfs.o
                                                  vm/pagepool.o
bitmap_get                                        lib/bitmap.o
                                                  fs/tfs.o
                                                  vm/pagepool.o
bitmap_init                                       lib/bitmap.o
                                                  vm/pagepool.o
bitmap_set                                        lib/bitmap.o
                                                  fs/tfs.o
                                                  vm/pagepool.o
bitmap_sizeof                                     lib/bitmap.o
                                                  vm/pagepool.o
bootargs_get                                      drivers/bootargs.o
                                                  lib/debug.o
                                                  init/main.o
bootargs_init                                     drivers/bootargs.o
                                                  init/main.o
cpustatus_count                                   drivers/metadev.o
                                                  init/main.o
cpustatus_generate_irq                            drivers/metadev.o
cpustatus_init                                    drivers/metadev.o
                                                  drivers/drivers.o
cpustatus_interrupt_handle                        drivers/metadev.o
device_get                                        drivers/device.o
                                                  net/network.o
                                                  fs/vfs.o
                                                  init/main.o
device_init                                       drivers/device.o
                                                  init/main.o
disk_init                                         drivers/disk.o
                                                  drivers/drivers.o
disksched_schedule                                drivers/disksched.o
                                                  drivers/disk.o
drivers_available                                 drivers/drivers.o
                                                  drivers/device.o
elf_parse_header                                  proc/elf.o
                                                  proc/process.o
filesystems_try_all                               fs/filesystems.o
                                                  fs/vfs.o
halt_kernel                                       kernel/halt.o
                                                  proc/syscall.o
                                                  init/main.o
init                                              init/main.o
                                                  init/_boot.o
init_startup_fallback                             init/main.o
init_startup_thread                               init/main.o
interrupt_handle                                  kernel/interrupt.o
                                                  kernel/cswitch.o
interrupt_init                                    kernel/interrupt.o
                                                  init/main.o
interrupt_register                                kernel/interrupt.o
                                                  drivers/metadev.o
                                                  drivers/disk.o
                                                  drivers/tty.o
interrupt_stacks                                  kernel/interrupt.o
                                                  kernel/cswitch.o
kernel_bootstrap_finished                         init/main.o
                                                  init/_boot.o
kernel_exception_handle                           kernel/exception.o
                                                  kernel/cswitch.o
kmalloc                                           kernel/kmalloc.o
                                                  vm/pagepool.o
                                                  drivers/metadev.o
                                                  drivers/disk.o
                                                  drivers/tty.o
                                                  drivers/bootargs.o
                                                  kernel/interrupt.o
kmalloc_disable                                   kernel/kmalloc.o
                                                  vm/vm.o
kmalloc_get_numpages                              kernel/kmalloc.o
                                                  vm/pagepool.o
kmalloc_get_reserved_pages                        kernel/kmalloc.o
                                                  vm/pagepool.o
kmalloc_init                                      kernel/kmalloc.o
                                                  init/main.o
kprintf                                           lib/xprintf.o
                                                  net/network.o
                                                  fs/filesystems.o
                                                  fs/tfs.o
                                                  fs/vfs.o
                                                  vm/pagepool.o
                                                  vm/vm.o
                                                  drivers/metadev.o
                                                  drivers/disk.o
                                                  drivers/device.o
                                                  kernel/halt.o
                                                  kernel/exception.o
                                                  kernel/interrupt.o
                                                  kernel/kmalloc.o
                                                  kernel/panic.o
                                                  init/main.o
kprintf_slock                                     lib/xprintf.o
                                                  drivers/tty.o
kread                                             lib/libc.o
kvprintf                                          lib/xprintf.o
                                                  lib/debug.o
kwrite                                            lib/libc.o
                                                  init/main.o
memcopy                                           lib/libc.o
                                                  net/pop.o
                                                  net/network.o
                                                  fs/tfs.o
meminfo_get_pages                                 drivers/metadev.o
meminfo_init                                      drivers/metadev.o
                                                  drivers/drivers.o
memoryset                                         lib/libc.o
                                                  fs/tfs.o
                                                  proc/process.o
                                                  proc/elf.o
network_free_frame                                net/network.o
                                                  net/pop.o
network_get_broadcast_address                     net/network.o
network_get_loopback_address                      net/network.o
network_get_mtu                                   net/network.o
                                                  net/pop.o
network_get_source_address                        net/network.o
network_init                                      net/network.o
                                                  init/main.o
network_interfaces                                net/network.o
network_protocols                                 net/protocols.o
network_send                                      net/network.o
                                                  net/pop.o
open_sockets                                      net/socket.o
                                                  net/pop.o
open_sockets_sem                                  net/socket.o
                                                  net/pop.o
pagepool_free_phys_page                           vm/pagepool.o
                                                  net/network.o
                                                  fs/tfs.o
                                                  vm/vm.o
pagepool_get_phys_page                            vm/pagepool.o
                                                  net/pop.o
                                                  net/network.o
                                                  fs/tfs.o
                                                  vm/vm.o
                                                  proc/process.o
pagepool_init                                     vm/pagepool.o
                                                  vm/vm.o
polltty_getchar                                   drivers/polltty.o
                                                  lib/libc.o
polltty_init                                      drivers/polltty.o
                                                  init/main.o
polltty_putchar                                   drivers/polltty.o
                                                  lib/xprintf.o
                                                  lib/libc.o
pop_init                                          net/pop.o
                                                  net/protocols.o
pop_push_frame                                    net/pop.o
                                                  net/protocols.o
process_start                                     proc/process.o
                                                  init/main.o
protocols_get_frame_handler                       net/protocols.o
                                                  net/network.o
protocols_init                                    net/protocols.o
                                                  net/network.o
rtc_get_clockspeed                                drivers/metadev.o
rtc_get_msec                                      drivers/metadev.o
                                                  net/pop.o
rtc_init                                          drivers/metadev.o
                                                  drivers/drivers.o
scheduler_add_ready                               kernel/scheduler.o
                                                  kernel/thread.o
scheduler_add_to_ready_list                       kernel/scheduler.o
                                                  kernel/sleepq.o
scheduler_current_thread                          kernel/scheduler.o
                                                  kernel/thread.o
                                                  kernel/interrupt.o
                                                  kernel/cswitch.o
scheduler_init                                    kernel/scheduler.o
                                                  init/main.o
scheduler_schedule                                kernel/scheduler.o
                                                  kernel/interrupt.o
semaphore_P                                       kernel/semaphore.o
                                                  net/pop.o
                                                  net/socket.o
                                                  fs/tfs.o
                                                  fs/vfs.o
                                                  drivers/disk.o
semaphore_V                                       kernel/semaphore.o
                                                  net/pop.o
                                                  net/socket.o
                                                  fs/tfs.o
                                                  fs/vfs.o
                                                  drivers/disk.o
semaphore_create                                  kernel/semaphore.o
                                                  net/pop.o
                                                  net/socket.o
                                                  fs/tfs.o
                                                  fs/vfs.o
                                                  drivers/disk.o
semaphore_destroy                                 kernel/semaphore.o
                                                  net/socket.o
                                                  fs/tfs.o
                                                  drivers/disk.o
semaphore_init                                    kernel/semaphore.o
                                                  init/main.o
shutdown                                          drivers/metadev.o
                                                  kernel/halt.o
                                                  kernel/panic.o
shutdown_init                                     drivers/metadev.o
                                                  drivers/drivers.o
sleepq_add                                        kernel/sleepq.o
                                                  drivers/tty.o
                                                  kernel/semaphore.o
sleepq_init                                       kernel/sleepq.o
                                                  init/main.o
sleepq_wake                                       kernel/sleepq.o
                                                  kernel/semaphore.o
sleepq_wake_all                                   kernel/sleepq.o
                                                  drivers/tty.o
snprintf                                          lib/xprintf.o
                                                  init/main.o
socket_close                                      net/socket.o
socket_init                                       net/socket.o
                                                  net/network.o
socket_open                                       net/socket.o
socket_recvfrom                                   net/pop.o
socket_sendto                                     net/pop.o
spinlock_acquire                                  kernel/_spinlock.o
                                                  vm/pagepool.o
                                                  drivers/metadev.o
                                                  drivers/disk.o
                                                  drivers/tty.o
                                                  lib/xprintf.o
                                                  kernel/semaphore.o
                                                  kernel/sleepq.o
                                                  kernel/scheduler.o
                                                  kernel/thread.o
spinlock_release                                  kernel/_spinlock.o
                                                  vm/pagepool.o
                                                  drivers/metadev.o
                                                  drivers/disk.o
                                                  drivers/tty.o
                                                  lib/xprintf.o
                                                  kernel/semaphore.o
                                                  kernel/sleepq.o
                                                  kernel/scheduler.o
                                                  kernel/thread.o
spinlock_reset                                    kernel/_spinlock.o
                                                  vm/pagepool.o
                                                  drivers/metadev.o
                                                  drivers/disk.o
                                                  drivers/tty.o
                                                  kernel/semaphore.o
                                                  kernel/sleepq.o
                                                  kernel/thread.o
stringcmp                                         lib/libc.o
                                                  fs/tfs.o
                                                  fs/vfs.o
stringcopy                                        lib/libc.o
                                                  fs/tfs.o
                                                  fs/vfs.o
strlen                                            lib/libc.o
                                                  drivers/bootargs.o
syscall_handle                                    proc/syscall.o
                                                  proc/exception.o
tfs_close                                         fs/tfs.o
tfs_create                                        fs/tfs.o
tfs_getfree                                       fs/tfs.o
tfs_init                                          fs/tfs.o
                                                  fs/filesystems.o
tfs_open                                          fs/tfs.o
tfs_read                                          fs/tfs.o
tfs_remove                                        fs/tfs.o
tfs_unmount                                       fs/tfs.o
tfs_write                                         fs/tfs.o
thread_create                                     kernel/thread.o
                                                  net/pop.o
                                                  net/network.o
                                                  init/main.o
thread_finish                                     kernel/thread.o
thread_get_current_thread                         kernel/thread.o
                                                  proc/process.o
                                                  kernel/semaphore.o
                                                  kernel/sleepq.o
thread_get_current_thread_entry                   kernel/thread.o
                                                  proc/process.o
                                                  proc/exception.o
                                                  kernel/interrupt.o
thread_goto_userland                              kernel/thread.o
                                                  proc/process.o
thread_run                                        kernel/thread.o
                                                  net/pop.o
                                                  net/network.o
                                                  init/main.o
thread_stack_areas                                kernel/thread.o
thread_switch                                     kernel/thread.o
                                                  drivers/tty.o
                                                  kernel/semaphore.o
                                                  init/main.o
thread_table                                      kernel/thread.o
                                                  kernel/sleepq.o
                                                  kernel/scheduler.o
                                                  kernel/cswitch.o
thread_table_init                                 kernel/thread.o
                                                  init/main.o
thread_table_slock                                kernel/thread.o
                                                  kernel/sleepq.o
                                                  kernel/scheduler.o
timer_set_ticks                                   drivers/timer.o
                                                  kernel/scheduler.o
tlb_fill                                          vm/tlb.o
                                                  proc/process.o
                                                  kernel/interrupt.o
tlb_load_exception                                vm/tlb.o
tlb_modified_exception                            vm/tlb.o
tlb_store_exception                               vm/tlb.o
tty_init                                          drivers/tty.o
                                                  drivers/drivers.o
tty_interrupt_handle                              drivers/tty.o
user_exception_handle                             proc/exception.o
                                                  kernel/cswitch.o
vfs_close                                         fs/vfs.o
vfs_create                                        fs/vfs.o
vfs_deinit                                        fs/vfs.o
                                                  kernel/halt.o
vfs_getfree                                       fs/vfs.o
vfs_init                                          fs/vfs.o
                                                  init/main.o
vfs_mount                                         fs/vfs.o
vfs_mount_all                                     fs/vfs.o
                                                  init/main.o
vfs_mount_fs                                      fs/vfs.o
vfs_open                                          fs/vfs.o
                                                  proc/process.o
vfs_read                                          fs/vfs.o
                                                  proc/process.o
                                                  proc/elf.o
vfs_remove                                        fs/vfs.o
vfs_seek                                          fs/vfs.o
                                                  proc/process.o
                                                  proc/elf.o
vfs_unmount                                       fs/vfs.o
vfs_write                                         fs/vfs.o
vm_create_pagetable                               vm/vm.o
                                                  proc/process.o
vm_destroy_pagetable                              vm/vm.o
vm_init                                           vm/vm.o
                                                  init/main.o
vm_map                                            vm/vm.o
                                                  proc/process.o
vm_set_dirty                                      vm/vm.o
                                                  proc/process.o
vm_unmap                                          vm/vm.o
vsnprintf                                         lib/xprintf.o
